--- 2026-09-16T07:15:35Z ---
               total        used        free      shared  buff/cache   available
Mem:           15939        4786        3262           7        8241       11152
Swap:           8191        1095        7096
 07:15:35 up 5 days, 21:14,  4 users,  load average: 0.75, 1.06, 1.07
--- 2026-09-16T07:16:35Z ---
               total        used        free      shared  buff/cache   available
Mem:           15939        5054        2948           7        8288       10884
Swap:           8191        1095        7096
 07:16:35 up 5 days, 21:15,  4 users,  load average: 0.92, 1.02, 1.05
--- 2026-09-16T07:17:35Z ---
               total        used        free      shared  buff/cache   available
Mem:           15939        5201        2639           7        8450       10737
Swap:           8191        1095        7096
 07:17:35 up 5 days, 21:16,  4 users,  load average: 0.63, 0.91, 1.01
--- 2026-09-16T07:18:35Z ---
               total        used        free      shared  buff/cache   available
Mem:           15939        5036        3000           7        8255       10903
Swap:           8191        1095        7096
 07:18:35 up 5 days, 21:17,  4 users,  load average: 1.71, 1.16, 1.09
--- 2026-09-16T07:19:35Z ---
               total        used        free      shared  buff/cache   available
Mem:           15939        5153        2329           7        8808       10785
Swap:           8191        1095        7096
 07:19:35 up 5 days, 21:18,  4 users,  load average: 2.06, 1.40, 1.18
--- 2026-09-16T07:20:35Z ---
               total        used        free      shared  buff/cache   available
Mem:           15939        5237        1594           7        9459       10702
Swap:           8191        1095        7096
 07:20:35 up 5 days, 21:19,  4 users,  load average: 1.54, 1.37, 1.18
--- 2026-09-16T07:21:35Z ---
               total        used        free      shared  buff/cache   available
Mem:           15939        5082        1716           7        9492       10857
Swap:           8191        1095        7096
 07:21:35 up 5 days, 21:20,  4 users,  load average: 1.22, 1.30, 1.17
--- 2026-09-16T07:22:35Z ---
               total        used        free      shared  buff/cache   available
Mem:           15939        5047        1696           7        9547       10891
Swap:           8191        1095        7096
 07:22:35 up 5 days, 21:21,  4 users,  load average: 1.12, 1.26, 1.16
--- 2026-09-16T07:23:35Z ---
               total        used        free      shared  buff/cache   available
Mem:           15939        5140        1571           7        9579       10799
Swap:           8191        1095        7096
 07:23:35 up 5 days, 21:22,  4 users,  load average: 1.48, 1.35, 1.20
--- 2026-09-16T07:24:35Z ---
               total        used        free      shared  buff/cache   available
Mem:           15939        5034        1484           7        9772       10905
Swap:           8191        1094        7097
 07:24:35 up 5 days, 21:23,  4 users,  load average: 0.77, 1.19, 1.15
--- 2026-09-16T07:25:35Z ---
               total        used        free      shared  buff/cache   available
Mem:           15939        5037        1889           7        9364       10901
Swap:           8191        1092        7099
 07:25:35 up 5 days, 21:24,  4 users,  load average: 1.13, 1.16, 1.14
--- 2026-09-16T07:26:35Z ---
               total        used        free      shared  buff/cache   available
Mem:           15939        5135        1583           7        9572       10803
Swap:           8191        1092        7099
 07:26:35 up 5 days, 21:25,  4 users,  load average: 2.42, 1.53, 1.27
--- 2026-09-16T07:27:35Z ---
               total        used        free      shared  buff/cache   available
Mem:           15939        5366        1814           7        9110       10573
Swap:           8191        1092        7099
 07:27:35 up 5 days, 21:26,  4 users,  load average: 2.04, 1.66, 1.34
--- 2026-09-16T07:28:35Z ---
               total        used        free      shared  buff/cache   available
Mem:           15939        5230        2409           7        8650       10708
Swap:           8191        1092        7099
 07:28:35 up 5 days, 21:27,  4 users,  load average: 1.41, 1.54, 1.31
--- 2026-09-16T07:29:35Z ---
               total        used        free      shared  buff/cache   available
Mem:           15939        5111        1939           7        9240       10827
Swap:           8191        1092        7099
 07:29:35 up 5 days, 21:28,  4 users,  load average: 3.71, 2.18, 1.55
--- 2026-09-16T07:30:35Z ---
               total        used        free      shared  buff/cache   available
Mem:           15939        4824        2215           7        9250       11114
Swap:           8191        1092        7099
 07:30:35 up 5 days, 21:29,  4 users,  load average: 1.46, 1.81, 1.46
--- 2026-09-16T07:31:35Z ---
               total        used        free      shared  buff/cache   available
Mem:           15939        5067        3755           7        7468       10872
Swap:           8191        1092        7099
 07:31:35 up 5 days, 21:30,  4 users,  load average: 1.13, 1.61, 1.41
--- 2026-09-16T07:32:35Z ---
               total        used        free      shared  buff/cache   available
Mem:           15939        5175        3128           7        7988       10764
Swap:           8191        1092        7099
 07:32:35 up 5 days, 21:31,  4 users,  load average: 1.56, 1.64, 1.43
--- 2026-09-16T07:33:35Z ---
               total        used        free      shared  buff/cache   available
Mem:           15939        5154        2798           7        8338       10785
Swap:           8191        1092        7099
 07:33:35 up 5 days, 21:32,  4 users,  load average: 2.23, 1.79, 1.50
--- 2026-09-16T07:34:35Z ---
               total        used        free      shared  buff/cache   available
Mem:           15939        5078        2559           7        8653       10860
Swap:           8191        1092        7099
 07:34:35 up 5 days, 21:33,  4 users,  load average: 1.70, 1.70, 1.48
--- 2026-09-16T07:35:35Z ---
               total        used        free      shared  buff/cache   available
Mem:           15939        5091        3622           7        7577       10847
Swap:           8191        1092        7099
 07:35:35 up 5 days, 21:34,  4 users,  load average: 1.98, 1.79, 1.53
--- 2026-09-16T07:36:35Z ---
               total        used        free      shared  buff/cache   available
Mem:           15939        5191        3319           7        7780       10748
Swap:           8191        1092        7099
 07:36:35 up 5 days, 21:35,  4 users,  load average: 1.59, 1.73, 1.52
--- 2026-09-16T07:37:35Z ---
               total        used        free      shared  buff/cache   available
Mem:           15939        5094        2878           7        8318       10845
Swap:           8191        1092        7099
 07:37:35 up 5 days, 21:36,  4 users,  load average: 1.07, 1.58, 1.49
--- 2026-09-16T07:38:35Z ---
               total        used        free      shared  buff/cache   available
Mem:           15939        5157         684           7       10452       10781
Swap:           8191        1091        7100
 07:38:35 up 5 days, 21:37,  4 users,  load average: 4.15, 2.38, 1.77
--- 2026-09-16T07:39:35Z ---
               total        used        free      shared  buff/cache   available
Mem:           15939        5213         817           7       10265       10726
Swap:           8191        1091        7100
 07:39:35 up 5 days, 21:38,  4 users,  load average: 3.37, 2.52, 1.86
--- 2026-09-16T07:40:35Z ---
               total        used        free      shared  buff/cache   available
Mem:           15939        5192         856           7       10246       10746
Swap:           8191        1091        7100
 07:40:35 up 5 days, 21:39,  4 users,  load average: 3.01, 2.66, 1.96
--- 2026-09-16T07:41:35Z ---
               total        used        free      shared  buff/cache   available
Mem:           15939        5580         263           7       10459       10359
Swap:           8191        1091        7100
 07:41:36 up 5 days, 21:40,  4 users,  load average: 3.14, 2.70, 2.01
--- 2026-09-16T07:42:36Z ---
               total        used        free      shared  buff/cache   available
Mem:           15939        6868         693           7        8745        9071
Swap:           8191        1089        7102
 07:42:36 up 5 days, 21:41,  4 users,  load average: 13.00, 5.75, 3.11
--- 2026-09-16T07:43:36Z ---
               total        used        free      shared  buff/cache   available
Mem:           15939        7088         232           7        8969        8850
Swap:           8191        1089        7102
 07:43:36 up 5 days, 21:42,  4 users,  load average: 23.81, 10.75, 5.03
--- 2026-09-16T07:44:36Z ---
               total        used        free      shared  buff/cache   available
Mem:           15939        9004         693           7        6593        6935
Swap:           8191        1103        7088
 07:44:36 up 5 days, 21:43,  4 users,  load average: 19.61, 11.97, 5.81
--- 2026-09-16T07:45:36Z ---
               total        used        free      shared  buff/cache   available
Mem:           15939        7970        2053           7        6275        7969
Swap:           8191        1103        7088
 07:45:36 up 5 days, 21:44,  4 users,  load average: 18.51, 13.06, 6.58
--- 2026-09-16T07:46:36Z ---
               total        used        free      shared  buff/cache   available
Mem:           15939        6104        3131           7        7055        9835
Swap:           8191        1210        6981
 07:46:36 up 5 days, 21:45,  4 users,  load average: 10.46, 11.88, 6.58
--- 2026-09-16T07:47:36Z ---
               total        used        free      shared  buff/cache   available
Mem:           15939        6679        2485           7        7126        9260
Swap:           8191        1207        6984
 07:47:36 up 5 days, 21:46,  4 users,  load average: 4.89, 9.95, 6.25
--- 2026-09-16T07:48:36Z ---
               total        used        free      shared  buff/cache   available
Mem:           15939        6132        3059           7        7098        9806
Swap:           8191        1207        6984
 07:48:36 up 5 days, 21:47,  4 users,  load average: 2.50, 8.41, 5.95
--- 2026-09-16T07:49:36Z ---
               total        used        free      shared  buff/cache   available
Mem:           15939        6160        3010           7        7119        9778
Swap:           8191        1206        6985
 07:49:36 up 5 days, 21:48,  4 users,  load average: 1.19, 6.99, 5.62
--- 2026-09-16T07:50:36Z ---
               total        used        free      shared  buff/cache   available
Mem:           15939        6299        4526           7        5464        9640
Swap:           8191        1098        7093
 07:50:36 up 5 days, 21:49,  4 users,  load average: 2.06, 6.15, 5.41
--- 2026-09-16T07:51:36Z ---
               total        used        free      shared  buff/cache   available
Mem:           15939        6355        4458           7        5476        9584
Swap:           8191        1097        7094
 07:51:36 up 5 days, 21:50,  4 users,  load average: 2.18, 5.41, 5.20
--- 2026-09-16T07:52:36Z ---
               total        used        free      shared  buff/cache   available
Mem:           15939        6218        4072           7        6000        9721
Swap:           8191        1094        7097
 07:52:36 up 5 days, 21:51,  4 users,  load average: 4.18, 5.30, 5.17
--- 2026-09-16T07:53:36Z ---
               total        used        free      shared  buff/cache   available
Mem:           15939        6572        3170           7        6548        9367
Swap:           8191        1093        7098
 07:53:36 up 5 days, 21:52,  4 users,  load average: 4.12, 4.99, 5.07
--- 2026-09-16T07:54:36Z ---
               total        used        free      shared  buff/cache   available
Mem:           15939        6261        3427           7        6602        9678
Swap:           8191        1093        7098
 07:54:36 up 5 days, 21:53,  4 users,  load average: 2.79, 4.48, 4.89
--- 2026-09-16T07:55:36Z ---
               total        used        free      shared  buff/cache   available
Mem:           15939        6294        3133           7        6875        9644
Swap:           8191        1093        7098
 07:55:36 up 5 days, 21:54,  4 users,  load average: 2.93, 4.21, 4.77
--- 2026-09-16T07:56:36Z ---
               total        used        free      shared  buff/cache   available
Mem:           15939        6367        2814           7        7125        9572
Swap:           8191        1093        7098
 07:56:36 up 5 days, 21:55,  4 users,  load average: 3.99, 4.21, 4.72
--- 2026-09-16T07:57:36Z ---
               total        used        free      shared  buff/cache   available
Mem:           15939        6318        2790           7        7197        9620
Swap:           8191        1093        7098
 07:57:36 up 5 days, 21:56,  4 users,  load average: 2.80, 3.89, 4.59
--- 2026-09-16T07:58:36Z ---
               total        used        free      shared  buff/cache   available
Mem:           15939        6268        3297           7        6741        9671
Swap:           8191        1093        7098
 07:58:36 up 5 days, 21:57,  4 users,  load average: 1.34, 3.26, 4.32
--- 2026-09-16T07:59:36Z ---
               total        used        free      shared  buff/cache   available
Mem:           15939        6256        3471           7        6563        9683
Swap:           8191        1093        7098
 07:59:36 up 5 days, 21:58,  4 users,  load average: 2.06, 3.08, 4.19
--- 2026-09-16T08:00:36Z ---
               total        used        free      shared  buff/cache   available
Mem:           15939        6686        2475           7        7129        9253
Swap:           8191        1093        7098
 08:00:36 up 5 days, 21:59,  4 users,  load average: 2.43, 2.98, 4.08
--- 2026-09-16T08:01:36Z ---
               total        used        free      shared  buff/cache   available
Mem:           15939        9960         243           7        6087        5979
Swap:           8191        1092        7099
 08:01:36 up 5 days, 22:00,  4 users,  load average: 3.76, 3.31, 4.13
--- 2026-09-16T08:02:36Z ---
               total        used        free      shared  buff/cache   available
Mem:           15939        7854        2404           7        6032        8085
Swap:           8191        1092        7099
 08:02:38 up 5 days, 22:01,  4 users,  load average: 6.01, 3.89, 4.27
--- 2026-09-16T08:03:38Z ---
               total        used        free      shared  buff/cache   available
Mem:           15939        6169        4053           7        6067        9769
Swap:           8191        1092        7099
 08:03:38 up 5 days, 22:02,  4 users,  load average: 2.57, 3.31, 4.04
--- 2026-09-16T08:04:38Z ---
               total        used        free      shared  buff/cache   available
Mem:           15939        6188        4312           7        5790        9751
Swap:           8191        1092        7099
 08:04:38 up 5 days, 22:03,  4 users,  load average: 4.00, 3.53, 4.07
--- 2026-09-16T08:05:38Z ---
               total        used        free      shared  buff/cache   available
Mem:           15939        6191        4257           7        5842        9748
Swap:           8191        1092        7099
 08:05:38 up 5 days, 22:04,  4 users,  load average: 2.33, 3.14, 3.90
--- 2026-09-16T08:06:38Z ---
               total        used        free      shared  buff/cache   available
Mem:           15939        6047        4981           7        5261        9891
Swap:           8191        1092        7099
 08:06:38 up 5 days, 22:05,  4 users,  load average: 3.39, 3.25, 3.88
--- 2026-09-16T08:07:38Z ---
               total        used        free      shared  buff/cache   available
Mem:           15939        6150        4696           7        5443        9788
Swap:           8191        1092        7099
 08:07:38 up 5 days, 22:06,  4 users,  load average: 1.56, 2.76, 3.67
--- 2026-09-16T08:08:38Z ---
               total        used        free      shared  buff/cache   available
Mem:           15939        6077        4115           7        6097        9862
Swap:           8191        1091        7100
 08:08:38 up 5 days, 22:07,  4 users,  load average: 2.10, 2.69, 3.59
--- 2026-09-16T08:09:38Z ---
               total        used        free      shared  buff/cache   available
Mem:           15939        6040        3442           7        6808        9899
Swap:           8191        1091        7100
 08:09:38 up 5 days, 22:08,  4 users,  load average: 1.55, 2.43, 3.44
--- 2026-09-16T08:10:38Z ---
               total        used        free      shared  buff/cache   available
Mem:           15939        5852        3565           7        6873       10086
Swap:           8191        1091        7100
 08:10:38 up 5 days, 22:09,  4 users,  load average: 1.58, 2.26, 3.32
--- 2026-09-16T08:11:38Z ---
               total        used        free      shared  buff/cache   available
Mem:           15939        6807        2611           7        6871        9131
Swap:           8191        1091        7100
 08:11:38 up 5 days, 22:10,  4 users,  load average: 1.28, 2.06, 3.18
--- 2026-09-16T08:12:38Z ---
               total        used        free      shared  buff/cache   available
Mem:           15939        6781        2650           7        6858        9157
Swap:           8191        1091        7100
 08:12:38 up 5 days, 22:11,  4 users,  load average: 1.32, 1.94, 3.07
--- 2026-09-16T08:13:38Z ---
               total        used        free      shared  buff/cache   available
Mem:           15939        6787        2647           7        6855        9151
Swap:           8191        1091        7100
 08:13:38 up 5 days, 22:12,  4 users,  load average: 1.16, 1.78, 2.94
--- 2026-09-16T08:14:38Z ---
               total        used        free      shared  buff/cache   available
Mem:           15939        6946        2495           7        6848        8992
Swap:           8191        1090        7101
 08:14:38 up 5 days, 22:13,  4 users,  load average: 1.43, 1.73, 2.85
--- 2026-09-16T08:15:38Z ---
               total        used        free      shared  buff/cache   available
Mem:           15939        6624        3168           7        6497        9315
Swap:           8191        1090        7101
 08:15:38 up 5 days, 22:14,  4 users,  load average: 1.76, 1.78, 2.79
--- 2026-09-16T08:16:38Z ---
               total        used        free      shared  buff/cache   available
Mem:           15939        6707        3085           7        6497        9231
Swap:           8191        1090        7101
 08:16:38 up 5 days, 22:15,  4 users,  load average: 1.37, 1.67, 2.69
--- 2026-09-16T08:17:38Z ---
               total        used        free      shared  buff/cache   available
Mem:           15939        6616        3175           7        6498        9322
Swap:           8191        1090        7101
 08:17:38 up 5 days, 22:16,  4 users,  load average: 1.58, 1.68, 2.63
--- 2026-09-16T08:18:38Z ---
               total        used        free      shared  buff/cache   available
Mem:           15939        6608        3183           7        6498        9331
Swap:           8191        1090        7101
 08:18:38 up 5 days, 22:17,  4 users,  load average: 1.37, 1.60, 2.54
--- 2026-09-16T08:19:38Z ---
               total        used        free      shared  buff/cache   available
Mem:           15939        6612        3179           7        6498        9327
Swap:           8191        1090        7101
 08:19:39 up 5 days, 22:18,  4 users,  load average: 1.40, 1.56, 2.47
--- 2026-09-16T08:20:39Z ---
               total        used        free      shared  buff/cache   available
Mem:           15939        6621        3169           7        6499        9317
Swap:           8191        1090        7101
 08:20:39 up 5 days, 22:19,  4 users,  load average: 1.27, 1.50, 2.39
--- 2026-09-16T08:21:39Z ---
               total        used        free      shared  buff/cache   available
Mem:           15939        6830        2969           7        6491        9109
Swap:           8191        1090        7101
 08:21:39 up 5 days, 22:20,  4 users,  load average: 1.75, 1.61, 2.37
--- 2026-09-16T08:22:39Z ---
               total        used        free      shared  buff/cache   available
Mem:           15939        4332        6168           7        5790       11607
Swap:           8191        1090        7101
 08:22:39 up 5 days, 22:21,  4 users,  load average: 1.70, 1.62, 2.32
--- 2026-09-16T08:23:39Z ---
               total        used        free      shared  buff/cache   available
Mem:           15939        4538        4225           7        7526       11400
Swap:           8191        1090        7101
 08:23:39 up 5 days, 22:22,  4 users,  load average: 1.64, 1.61, 2.27
--- 2026-09-16T08:24:39Z ---
               total        used        free      shared  buff/cache   available
Mem:           15939        4517        4247           7        7526       11422
Swap:           8191        1090        7101
 08:24:39 up 5 days, 22:23,  4 users,  load average: 0.79, 1.37, 2.15
--- 2026-09-16T08:25:39Z ---
               total        used        free      shared  buff/cache   available
Mem:           15939        4642        3983           7        7665       11297
Swap:           8191        1090        7101
 08:25:39 up 5 days, 22:24,  4 users,  load average: 0.89, 1.28, 2.06
--- 2026-09-16T08:26:39Z ---
               total        used        free      shared  buff/cache   available
Mem:           15939        4719        2973           7        8597       11220
Swap:           8191        1090        7101
 08:26:39 up 5 days, 22:25,  4 users,  load average: 1.56, 1.38, 2.05
--- 2026-09-16T08:27:39Z ---
               total        used        free      shared  buff/cache   available
Mem:           15939        4645        1850           7        9794       11293
Swap:           8191        1090        7101
 08:27:39 up 5 days, 22:26,  4 users,  load average: 2.07, 1.55, 2.06
--- 2026-09-16T08:28:39Z ---
               total        used        free      shared  buff/cache   available
Mem:           15939        4600        4400           7        7289       11339
Swap:           8191        1090        7101
 08:28:39 up 5 days, 22:27,  4 users,  load average: 1.52, 1.50, 2.01
--- 2026-09-16T08:29:39Z ---
               total        used        free      shared  buff/cache   available
Mem:           15939        4582        6232           7        5476       11357
Swap:           8191        1109        7082
 08:29:39 up 5 days, 22:28,  4 users,  load average: 1.68, 1.54, 1.99
--- 2026-09-16T08:30:39Z ---
               total        used        free      shared  buff/cache   available
Mem:           15939        4688        5791           7        5810       11251
Swap:           8191        1109        7082
 08:30:39 up 5 days, 22:29,  4 users,  load average: 1.65, 1.59, 1.98
--- 2026-09-16T08:31:39Z ---
               total        used        free      shared  buff/cache   available
Mem:           15939        5006        4147           7        7137       10933
Swap:           8191        1108        7083
 08:31:39 up 5 days, 22:30,  4 users,  load average: 1.45, 1.51, 1.93
--- 2026-09-16T08:32:39Z ---
               total        used        free      shared  buff/cache   available
Mem:           15939        5392        3469           7        7429       10547
Swap:           8191        1108        7083
 08:32:39 up 5 days, 22:31,  4 users,  load average: 3.59, 2.14, 2.12
--- 2026-09-16T08:33:39Z ---
               total        used        free      shared  buff/cache   available
Mem:           15939        6140        2623           7        7527        9799
Swap:           8191        1108        7083
 08:33:39 up 5 days, 22:32,  4 users,  load average: 8.48, 3.82, 2.70
--- 2026-09-16T08:34:39Z ---
               total        used        free      shared  buff/cache   available
Mem:           15939        7403        1127           7        7760        8536
Swap:           8191        1107        7084
 08:34:39 up 5 days, 22:33,  4 users,  load average: 12.22, 5.63, 3.39
--- 2026-09-16T08:35:39Z ---
               total        used        free      shared  buff/cache   available
Mem:           15939        5637        3185           7        7468       10302
Swap:           8191        1107        7084
 08:35:39 up 5 days, 22:34,  4 users,  load average: 8.64, 5.99, 3.66
--- 2026-09-16T08:36:39Z ---
               total        used        free      shared  buff/cache   available
Mem:           15939        5781        2664           7        7845       10157
Swap:           8191        1107        7084
 08:36:39 up 5 days, 22:35,  4 users,  load average: 5.80, 5.68, 3.71
--- 2026-09-16T08:37:39Z ---
               total        used        free      shared  buff/cache   available
Mem:           15939        5633        3057           7        7600       10306
Swap:           8191        1519        6672
 08:37:39 up 5 days, 22:36,  4 users,  load average: 5.12, 5.56, 3.79
--- 2026-09-16T08:38:39Z ---
               total        used        free      shared  buff/cache   available
Mem:           15939        5268        2929           7        8093       10670
Swap:           8191        1209        6982
 08:38:39 up 5 days, 22:37,  4 users,  load average: 4.71, 5.33, 3.83
--- 2026-09-16T08:39:39Z ---
               total        used        free      shared  buff/cache   available
Mem:           15939        6294        3388           7        6608        9645
Swap:           8191        1421        6770
 08:39:39 up 5 days, 22:38,  4 users,  load average: 4.62, 5.20, 3.88
--- 2026-09-16T08:40:39Z ---
               total        used        free      shared  buff/cache   available
Mem:           15939        4505        8163           7        3622       11433
Swap:           8191        1574        6617
 08:40:39 up 5 days, 22:39,  4 users,  load average: 4.48, 5.04, 3.91
--- 2026-09-16T08:41:39Z ---
               total        used        free      shared  buff/cache   available
Mem:           15939        4644        7741           7        3905       11295
Swap:           8191        1572        6619
 08:41:39 up 5 days, 22:40,  4 users,  load average: 2.64, 4.40, 3.76
--- 2026-09-16T08:42:39Z ---
               total        used        free      shared  buff/cache   available
Mem:           15939        4580        6704           7        5005       11358
Swap:           8191        1553        6638
 08:42:39 up 5 days, 22:41,  4 users,  load average: 21.41, 7.96, 4.94
--- 2026-09-16T08:43:39Z ---
               total        used        free      shared  buff/cache   available
Mem:           15939        4713        6439           7        5138       11226
Swap:           8191        1544        6647
 08:43:39 up 5 days, 22:42,  4 users,  load average: 11.33, 7.48, 4.96
--- 2026-09-16T08:44:39Z ---
               total        used        free      shared  buff/cache   available
Mem:           15939        4887        5687           7        5715       11051
Swap:           8191        1543        6648
 08:44:39 up 5 days, 22:43,  4 users,  load average: 6.18, 6.79, 4.89
--- 2026-09-16T08:45:39Z ---
               total        used        free      shared  buff/cache   available
Mem:           15939        6448        3989           7        5852        9491
Swap:           8191        1543        6648
 08:45:39 up 5 days, 22:44,  4 users,  load average: 4.19, 6.05, 4.75
--- 2026-09-16T08:46:39Z ---
               total        used        free      shared  buff/cache   available
Mem:           15939        7482        2980           7        5828        8457
Swap:           8191        1541        6650
 08:46:39 up 5 days, 22:45,  4 users,  load average: 3.42, 5.48, 4.63
--- 2026-09-16T08:47:39Z ---
               total        used        free      shared  buff/cache   available
Mem:           15939        4520        5907           7        5862       11418
Swap:           8191        1540        6651
 08:47:39 up 5 days, 22:46,  4 users,  load average: 1.67, 4.60, 4.38
--- 2026-09-16T08:48:39Z ---
               total        used        free      shared  buff/cache   available
Mem:           15939        4537        5889           7        5865       11402
Swap:           8191        1539        6652
 08:48:39 up 5 days, 22:47,  4 users,  load average: 0.89, 3.86, 4.14
--- 2026-09-16T08:49:39Z ---
               total        used        free      shared  buff/cache   available
Mem:           15939        4401        6448           7        5441       11538
Swap:           8191        1528        6663
 08:49:39 up 5 days, 22:48,  4 users,  load average: 2.38, 3.66, 4.05
--- 2026-09-16T08:50:39Z ---
               total        used        free      shared  buff/cache   available
Mem:           15939        4709        5199           7        6382       11229
Swap:           8191        1528        6663
 08:50:39 up 5 days, 22:49,  4 users,  load average: 4.13, 3.89, 4.10
--- 2026-09-16T08:51:39Z ---
               total        used        free      shared  buff/cache   available
Mem:           15939        5301        4565           7        6424       10638
Swap:           8191        1528        6663
 08:51:39 up 5 days, 22:50,  4 users,  load average: 1.91, 3.32, 3.89
--- 2026-09-16T08:52:39Z ---
               total        used        free      shared  buff/cache   available
Mem:           15939        4606        5393           7        6291       11333
Swap:           8191        1528        6663
 08:52:39 up 5 days, 22:51,  4 users,  load average: 2.73, 3.28, 3.84
--- 2026-09-16T08:53:39Z ---
               total        used        free      shared  buff/cache   available
Mem:           15939        4843        5194           7        6253       11096
Swap:           8191        1527        6664
 08:53:39 up 5 days, 22:52,  4 users,  load average: 3.51, 3.49, 3.88
--- 2026-09-16T08:54:39Z ---
               total        used        free      shared  buff/cache   available
Mem:           15939       12834         244           7        3212        3104
Swap:           8191        1542        6649
 08:54:39 up 5 days, 22:53,  4 users,  load average: 3.95, 3.75, 3.95
--- 2026-09-16T08:55:39Z ---
               total        used        free      shared  buff/cache   available
Mem:           15939        4594        8701           7        3019       11344
Swap:           8191        1536        6655
 08:55:39 up 5 days, 22:54,  4 users,  load average: 2.26, 3.29, 3.78
--- 2026-09-16T08:56:39Z ---
               total        used        free      shared  buff/cache   available
Mem:           15939        4804        8217           7        3293       11135
Swap:           8191        1535        6656
 08:56:39 up 5 days, 22:55,  4 users,  load average: 1.43, 2.83, 3.59
--- 2026-09-16T08:57:39Z ---
               total        used        free      shared  buff/cache   available
Mem:           15939        4542        8305           7        3466       11396
Swap:           8191        1533        6658
 08:57:39 up 5 days, 22:56,  4 users,  load average: 0.98, 2.46, 3.41
--- 2026-09-16T08:58:39Z ---
               total        used        free      shared  buff/cache   available
Mem:           15939        4583        8289           7        3442       11356
Swap:           8191        1533        6658
 08:58:39 up 5 days, 22:57,  4 users,  load average: 0.40, 2.02, 3.20
--- 2026-09-16T08:59:39Z ---
               total        used        free      shared  buff/cache   available
Mem:           15939        4600        8386           7        3327       11338
Swap:           8191        1531        6660
 08:59:39 up 5 days, 22:58,  4 users,  load average: 0.54, 1.76, 3.03
--- 2026-09-16T09:00:39Z ---
               total        used        free      shared  buff/cache   available
Mem:           15939        4771        7879           7        3663       11167
Swap:           8191        1508        6683
 09:00:39 up 5 days, 22:59,  4 users,  load average: 0.59, 1.55, 2.88
--- 2026-09-16T09:01:39Z ---
               total        used        free      shared  buff/cache   available
Mem:           15939        5110        6922           7        4281       10828
Swap:           8191        1493        6698
 09:01:39 up 5 days, 23:00,  4 users,  load average: 1.52, 1.65, 2.83
--- 2026-09-16T09:02:39Z ---
               total        used        free      shared  buff/cache   available
Mem:           15939        5160        6581           7        4573       10778
Swap:           8191        1490        6701
 09:02:39 up 5 days, 23:01,  4 users,  load average: 1.79, 1.69, 2.77
--- 2026-09-16T09:03:39Z ---
               total        used        free      shared  buff/cache   available
Mem:           15939        5533        5795           7        4987       10406
Swap:           8191        1486        6705
 09:03:39 up 5 days, 23:02,  4 users,  load average: 4.68, 2.45, 2.96
--- 2026-09-16T09:04:39Z ---
               total        used        free      shared  buff/cache   available
Mem:           15939        4747        6423           7        5144       11192
Swap:           8191        1484        6707
 09:04:39 up 5 days, 23:03,  4 users,  load average: 3.19, 2.52, 2.96
--- 2026-09-16T09:05:39Z ---
               total        used        free      shared  buff/cache   available
Mem:           15939        4830        6323           7        5161       11108
Swap:           8191        1482        6709
 09:05:39 up 5 days, 23:04,  4 users,  load average: 1.44, 2.13, 2.79
--- 2026-09-16T09:06:39Z ---
               total        used        free      shared  buff/cache   available
Mem:           15939        4785        6346           7        5183       11154
Swap:           8191        1482        6709
 09:06:39 up 5 days, 23:05,  4 users,  load average: 0.73, 1.80, 2.63
--- 2026-09-16T09:07:39Z ---
               total        used        free      shared  buff/cache   available
Mem:           15939        4763        6366           7        5185       11176
Swap:           8191        1482        6709
 09:07:39 up 5 days, 23:06,  4 users,  load average: 0.50, 1.53, 2.49
--- 2026-09-16T09:08:39Z ---
               total        used        free      shared  buff/cache   available
Mem:           15939        5575        5552           7        5187       10364
Swap:           8191        1481        6710
 09:08:39 up 5 days, 23:07,  4 users,  load average: 0.49, 1.33, 2.35
--- 2026-09-16T09:09:39Z ---
               total        used        free      shared  buff/cache   available
Mem:           15939        4789        6336           7        5188       11149
Swap:           8191        1481        6710
 09:09:39 up 5 days, 23:08,  4 users,  load average: 0.63, 1.21, 2.25
--- 2026-09-16T09:10:39Z ---
               total        used        free      shared  buff/cache   available
Mem:           15939        4595        6528           7        5191       11343
Swap:           8191        1472        6719
 09:10:39 up 5 days, 23:09,  4 users,  load average: 0.27, 1.00, 2.11
--- 2026-09-16T09:11:39Z ---
               total        used        free      shared  buff/cache   available
Mem:           15939        4692        6309           7        5313       11246
Swap:           8191        1472        6719
 09:11:39 up 5 days, 23:10,  4 users,  load average: 0.51, 0.91, 2.00
--- 2026-09-16T09:12:39Z ---
               total        used        free      shared  buff/cache   available
Mem:           15939        4902        6448           7        4964       11037
Swap:           8191        1471        6720
 09:12:39 up 5 days, 23:11,  4 users,  load average: 2.15, 1.30, 2.07
--- 2026-09-16T09:13:39Z ---
               total        used        free      shared  buff/cache   available
Mem:           15939        4946        5690           7        5678       10993
Swap:           8191        1471        6720
 09:13:39 up 5 days, 23:12,  4 users,  load average: 3.38, 1.85, 2.21
--- 2026-09-16T09:14:39Z ---
               total        used        free      shared  buff/cache   available
Mem:           15939        4840        5749           7        5724       11098
Swap:           8191        1471        6720
 09:14:39 up 5 days, 23:13,  4 users,  load average: 2.07, 1.77, 2.16
--- 2026-09-16T09:15:39Z ---
               total        used        free      shared  buff/cache   available
Mem:           15939        4614        6493           7        5207       11324
Swap:           8191        1471        6720
 09:15:39 up 5 days, 23:14,  4 users,  load average: 1.24, 1.61, 2.08
--- 2026-09-16T09:16:39Z ---
               total        used        free      shared  buff/cache   available
Mem:           15939        5623        5473           7        5218       10315
Swap:           8191        1439        6752
 09:16:39 up 5 days, 23:15,  4 users,  load average: 2.06, 1.73, 2.09
--- 2026-09-16T09:17:39Z ---
               total        used        free      shared  buff/cache   available
Mem:           15939        6289        4359           7        5666        9650
Swap:           8191        1428        6763
 09:17:39 up 5 days, 23:16,  4 users,  load average: 3.64, 2.18, 2.22
--- 2026-09-16T09:18:39Z ---
               total        used        free      shared  buff/cache   available
Mem:           15939        6483        3852           7        5979        9456
Swap:           8191        1425        6766
 09:18:39 up 5 days, 23:17,  4 users,  load average: 2.55, 2.10, 2.19
--- 2026-09-16T09:19:39Z ---
               total        used        free      shared  buff/cache   available
Mem:           15939        6209        4016           7        6089        9729
Swap:           8191        1425        6766
 09:19:39 up 5 days, 23:18,  4 users,  load average: 4.32, 2.68, 2.38
--- 2026-09-16T09:20:39Z ---
               total        used        free      shared  buff/cache   available
Mem:           15939        6199        4341           7        5773        9740
Swap:           8191        1425        6766
 09:20:39 up 5 days, 23:19,  4 users,  load average: 4.27, 2.92, 2.48
--- 2026-09-16T09:21:39Z ---
               total        used        free      shared  buff/cache   available
Mem:           15939        6262        4212           7        5840        9677
Swap:           8191        1425        6766
 09:21:39 up 5 days, 23:20,  4 users,  load average: 2.51, 2.65, 2.41
--- 2026-09-16T09:22:39Z ---
               total        used        free      shared  buff/cache   available
Mem:           15939        6592        3874           7        5847        9346
Swap:           8191        1425        6766
 09:22:39 up 5 days, 23:21,  4 users,  load average: 2.27, 2.53, 2.38
--- 2026-09-16T09:23:39Z ---
               total        used        free      shared  buff/cache   available
Mem:           15939        6196        4242           7        5876        9743
Swap:           8191        1425        6766
 09:23:39 up 5 days, 23:22,  4 users,  load average: 1.58, 2.31, 2.31
--- 2026-09-16T09:24:39Z ---
               total        used        free      shared  buff/cache   available
Mem:           15939        6238        4036           7        6040        9701
Swap:           8191        1425        6766
 09:24:39 up 5 days, 23:23,  4 users,  load average: 1.15, 2.04, 2.22
--- 2026-09-16T09:25:40Z ---
               total        used        free      shared  buff/cache   available
Mem:           15939        6474        4241           7        5599        9465
Swap:           8191        1425        6766
 09:25:40 up 5 days, 23:24,  4 users,  load average: 2.05, 2.15, 2.25
--- 2026-09-16T09:26:40Z ---
               total        used        free      shared  buff/cache   available
Mem:           15939        6159        4280           7        5875        9780
Swap:           8191        1425        6766
 09:26:40 up 5 days, 23:25,  4 users,  load average: 2.97, 2.56, 2.39
--- 2026-09-16T09:27:40Z ---
               total        used        free      shared  buff/cache   available
Mem:           15939        6934        3500           7        5880        9005
Swap:           8191        1424        6767
 09:27:40 up 5 days, 23:26,  4 users,  load average: 1.44, 2.18, 2.27
--- 2026-09-16T09:28:40Z ---
               total        used        free      shared  buff/cache   available
Mem:           15939        6406        4154           7        5753        9532
Swap:           8191        1424        6767
 09:28:40 up 5 days, 23:27,  4 users,  load average: 1.81, 2.13, 2.25
--- 2026-09-16T09:29:40Z ---
               total        used        free      shared  buff/cache   available
Mem:           15939        6183        4113           7        6017        9755
Swap:           8191        1424        6767
 09:29:40 up 5 days, 23:28,  4 users,  load average: 2.21, 2.25, 2.29
--- 2026-09-16T09:30:40Z ---
               total        used        free      shared  buff/cache   available
Mem:           15939        6171        4122           7        6020        9768
Swap:           8191        1424        6767
 09:30:40 up 5 days, 23:29,  4 users,  load average: 1.71, 2.11, 2.23
--- 2026-09-16T09:31:40Z ---
               total        used        free      shared  buff/cache   available
Mem:           15939        7082        3497           7        5735        8857
Swap:           8191        1424        6767
 09:31:40 up 5 days, 23:30,  4 users,  load average: 1.71, 2.01, 2.19
--- 2026-09-16T09:32:40Z ---
               total        used        free      shared  buff/cache   available
Mem:           15939        7266        3124           7        5924        8673
Swap:           8191        1424        6767
 09:32:40 up 5 days, 23:31,  4 users,  load average: 2.58, 2.22, 2.25
--- 2026-09-16T09:33:40Z ---
               total        used        free      shared  buff/cache   available
Mem:           15939        6227        3938           7        6149        9711
Swap:           8191        1424        6767
 09:33:40 up 5 days, 23:32,  4 users,  load average: 1.49, 2.00, 2.17
--- 2026-09-16T09:34:40Z ---
               total        used        free      shared  buff/cache   available
Mem:           15939        6211        3953           7        6149        9727
Swap:           8191        1424        6767
 09:34:40 up 5 days, 23:33,  4 users,  load average: 0.68, 1.68, 2.05
--- 2026-09-16T09:35:40Z ---
               total        used        free      shared  buff/cache   available
Mem:           15939        6243        3914           7        6157        9696
Swap:           8191        1424        6767
 09:35:40 up 5 days, 23:34,  4 users,  load average: 0.95, 1.59, 2.00
--- 2026-09-16T09:36:40Z ---
               total        used        free      shared  buff/cache   available
Mem:           15939        6224        4118           7        5972        9715
Swap:           8191        1424        6767
 09:36:40 up 5 days, 23:35,  4 users,  load average: 1.19, 1.51, 1.94
--- 2026-09-16T09:37:40Z ---
               total        used        free      shared  buff/cache   available
Mem:           15939        6195        4468           7        5651        9744
Swap:           8191        1423        6768
 09:37:40 up 5 days, 23:36,  4 users,  load average: 0.84, 1.34, 1.85
--- 2026-09-16T09:38:40Z ---
               total        used        free      shared  buff/cache   available
Mem:           15939        6482        3665           7        6166        9456
Swap:           8191        1423        6768
 09:38:40 up 5 days, 23:37,  4 users,  load average: 4.08, 2.10, 2.08
--- 2026-09-16T09:39:40Z ---
               total        used        free      shared  buff/cache   available
Mem:           15939        6137        3591           7        6586        9802
Swap:           8191        1423        6768
 09:39:40 up 5 days, 23:38,  4 users,  load average: 4.27, 2.57, 2.25
--- 2026-09-16T09:40:40Z ---
               total        used        free      shared  buff/cache   available
Mem:           15939        6239        2907           7        7168        9700
Swap:           8191        1423        6768
 09:40:40 up 5 days, 23:39,  4 users,  load average: 2.12, 2.26, 2.16
--- 2026-09-16T09:41:40Z ---
               total        used        free      shared  buff/cache   available
Mem:           15939        6009        3750           7        6555        9930
Swap:           8191        1423        6768
 09:41:40 up 5 days, 23:40,  4 users,  load average: 1.56, 2.06, 2.09
--- 2026-09-16T09:42:40Z ---
               total        used        free      shared  buff/cache   available
Mem:           15939        5869        3846           7        6599       10070
Swap:           8191        1423        6768
 09:42:40 up 5 days, 23:41,  4 users,  load average: 0.92, 1.79, 1.99
--- 2026-09-16T09:43:40Z ---
               total        used        free      shared  buff/cache   available
Mem:           15939        6032        3679           7        6603        9906
Swap:           8191        1423        6768
 09:43:40 up 5 days, 23:42,  4 users,  load average: 1.33, 1.74, 1.96
--- 2026-09-16T09:44:40Z ---
               total        used        free      shared  buff/cache   available
Mem:           15939        6081        3627           7        6605        9857
Swap:           8191        1423        6768
 09:44:40 up 5 days, 23:43,  4 users,  load average: 1.12, 1.60, 1.90
--- 2026-09-16T09:45:40Z ---
               total        used        free      shared  buff/cache   available
Mem:           15939        6060        4728           7        5525        9879
Swap:           8191        1422        6769
 09:45:40 up 5 days, 23:44,  4 users,  load average: 1.16, 1.53, 1.86
--- 2026-09-16T09:46:40Z ---
               total        used        free      shared  buff/cache   available
Mem:           15939        6087        4701           7        5526        9851
Swap:           8191        1422        6769
 09:46:40 up 5 days, 23:45,  4 users,  load average: 0.52, 1.28, 1.75
--- 2026-09-16T09:47:40Z ---
               total        used        free      shared  buff/cache   available
Mem:           15939        5562        5108           7        5643       10376
Swap:           8191        1296        6895
 09:47:40 up 5 days, 23:46,  4 users,  load average: 0.27, 1.07, 1.65
--- 2026-09-16T09:48:40Z ---
               total        used        free      shared  buff/cache   available
Mem:           15939        6001        5530           7        4782        9937
Swap:           8191        1296        6895
 09:48:40 up 5 days, 23:47,  4 users,  load average: 1.46, 1.27, 1.68
--- 2026-09-16T09:49:40Z ---
               total        used        free      shared  buff/cache   available
Mem:           15939        9358        2170           7        4785        6580
Swap:           8191        1295        6896
 09:49:40 up 5 days, 23:48,  4 users,  load average: 3.08, 1.81, 1.84
--- 2026-09-16T09:50:40Z ---
               total        used        free      shared  buff/cache   available
Mem:           15939        7562        3776           7        4975        8376
Swap:           8191        1295        6896
 09:50:40 up 5 days, 23:50,  4 users,  load average: 2.49, 1.91, 1.88
--- 2026-09-16T09:51:40Z ---
               total        used        free      shared  buff/cache   available
Mem:           15939        5346        5403           7        5565       10593
Swap:           8191        1295        6896
 09:51:40 up 5 days, 23:51,  4 users,  load average: 2.54, 2.12, 1.96
--- 2026-09-16T09:52:40Z ---
               total        used        free      shared  buff/cache   available
Mem:           15939        5345        5403           7        5565       10594
Swap:           8191        1295        6896
 09:52:40 up 5 days, 23:52,  4 users,  load average: 0.97, 1.74, 1.84
--- 2026-09-16T09:53:40Z ---
               total        used        free      shared  buff/cache   available
Mem:           15939        5369        6002           7        4942       10570
Swap:           8191        1295        6896
 09:53:40 up 5 days, 23:53,  4 users,  load average: 0.86, 1.55, 1.76
--- 2026-09-16T09:54:40Z ---
               total        used        free      shared  buff/cache   available
Mem:           15939        5343        6030           7        4940       10596
Swap:           8191        1295        6896
 09:54:40 up 5 days, 23:54,  4 users,  load average: 1.03, 1.48, 1.72
--- 2026-09-16T09:55:40Z ---
               total        used        free      shared  buff/cache   available
Mem:           15939        5369        5933           7        5011       10569
Swap:           8191        1295        6896
 09:55:40 up 5 days, 23:55,  4 users,  load average: 1.66, 1.60, 1.75
--- 2026-09-16T09:56:40Z ---
               total        used        free      shared  buff/cache   available
Mem:           15939        6040        5264           7        5009        9898
Swap:           8191        1295        6896
 09:56:40 up 5 days, 23:56,  4 users,  load average: 1.49, 1.60, 1.74
--- 2026-09-16T09:57:40Z ---
               total        used        free      shared  buff/cache   available
Mem:           15939        9265        2260           7        4776        6673
Swap:           8191        1298        6893
 09:57:40 up 5 days, 23:57,  4 users,  load average: 4.70, 2.53, 2.06
--- 2026-09-16T09:58:40Z ---
               total        used        free      shared  buff/cache   available
Mem:           15939        9435        1431           7        5424        6504
Swap:           8191        1298        6893
 09:58:40 up 5 days, 23:58,  4 users,  load average: 7.23, 3.60, 2.45
--- 2026-09-16T09:59:40Z ---
               total        used        free      shared  buff/cache   available
Mem:           15939        8229        1372           7        6689        7710
Swap:           8191        1298        6893
 09:59:41 up 5 days, 23:59,  4 users,  load average: 10.25, 4.98, 2.99
--- 2026-09-16T10:00:41Z ---
               total        used        free      shared  buff/cache   available
Mem:           15939        5599        4194           7        6496       10339
Swap:           8191        1298        6893
 10:00:41 up 6 days, 0 min,  4 users,  load average: 6.88, 5.20, 3.20
--- 2026-09-16T10:01:41Z ---
               total        used        free      shared  buff/cache   available
Mem:           15939        5785        4204           7        6301       10153
Swap:           8191        1298        6893
 10:01:41 up 6 days, 1 min,  4 users,  load average: 4.40, 4.92, 3.24
--- 2026-09-16T10:02:41Z ---
               total        used        free      shared  buff/cache   available
Mem:           15939        5902        4076           7        6312       10037
Swap:           8191        1298        6893
 10:02:41 up 6 days, 2 min,  4 users,  load average: 2.39, 4.25, 3.11
--- 2026-09-16T10:03:41Z ---
               total        used        free      shared  buff/cache   available
Mem:           15939        6155        3464           7        6671        9783
Swap:           8191        1298        6893
 10:03:41 up 6 days, 3 min,  4 users,  load average: 2.43, 3.94, 3.08
--- 2026-09-16T10:04:41Z ---
               total        used        free      shared  buff/cache   available
Mem:           15939        5972        3380           7        6938        9967
Swap:           8191        1298        6893
 10:04:41 up 6 days, 4 min,  4 users,  load average: 4.41, 4.07, 3.17
--- 2026-09-16T10:05:41Z ---
               total        used        free      shared  buff/cache   available
Mem:           15939        5812        3487           7        6991       10127
Swap:           8191        1297        6894
 10:05:41 up 6 days, 5 min,  4 users,  load average: 1.88, 3.39, 2.99
--- 2026-09-16T10:06:41Z ---
               total        used        free      shared  buff/cache   available
Mem:           15939        5993        3372           7        6925        9946
Swap:           8191        1297        6894
 10:06:41 up 6 days, 6 min,  4 users,  load average: 1.90, 3.12, 2.92
--- 2026-09-16T10:07:41Z ---
               total        used        free      shared  buff/cache   available
Mem:           15939        5840        3029           7        7421       10098
Swap:           8191        1297        6894
 10:07:41 up 6 days, 7 min,  4 users,  load average: 3.18, 3.23, 2.96
--- 2026-09-16T10:08:41Z ---
               total        used        free      shared  buff/cache   available
Mem:           15939        5809        2323           7        8158       10130
Swap:           8191        1297        6894
 10:08:41 up 6 days, 8 min,  4 users,  load average: 1.76, 2.80, 2.83
--- 2026-09-16T10:09:41Z ---
               total        used        free      shared  buff/cache   available
Mem:           15939        5930        2435           7        7926       10009
Swap:           8191        1297        6894
 10:09:41 up 6 days, 9 min,  4 users,  load average: 1.69, 2.61, 2.76
--- 2026-09-16T10:10:41Z ---
               total        used        free      shared  buff/cache   available
Mem:           15939        5863        2391           7        8035       10075
Swap:           8191        1297        6894
 10:10:41 up 6 days, 10 min,  4 users,  load average: 0.80, 2.19, 2.61
--- 2026-09-16T10:11:41Z ---
               total        used        free      shared  buff/cache   available
Mem:           15939        7659         386           7        8245        8280
Swap:           8191        1270        6921
 10:11:41 up 6 days, 11 min,  5 users,  load average: 3.46, 2.62, 2.72
--- 2026-09-16T10:12:41Z ---
               total        used        free      shared  buff/cache   available
Mem:           15939        9973         164           7        6153        5966
Swap:           8191        1261        6930
 10:12:41 up 6 days, 12 min,  5 users,  load average: 3.62, 2.76, 2.77
--- 2026-09-16T10:13:41Z ---
               total        used        free      shared  buff/cache   available
Mem:           15939        5638        4486           7        6165       10300
Swap:           8191         809        7382
 10:13:41 up 6 days, 13 min,  5 users,  load average: 3.83, 3.07, 2.88
--- 2026-09-16T10:14:41Z ---
               total        used        free      shared  buff/cache   available
Mem:           15939        5764        4602           7        5924       10175
Swap:           8191         809        7382
 10:14:41 up 6 days, 14 min,  5 users,  load average: 2.77, 2.97, 2.86
--- 2026-09-16T10:15:41Z ---
               total        used        free      shared  buff/cache   available
Mem:           15939        5724        4620           7        5946       10214
Swap:           8191         809        7382
 10:15:41 up 6 days, 15 min,  5 users,  load average: 1.13, 2.45, 2.69
--- 2026-09-16T10:16:41Z ---
               total        used        free      shared  buff/cache   available
Mem:           15939        6140        3977           7        6173        9799
Swap:           8191         808        7383
 10:16:41 up 6 days, 16 min,  5 users,  load average: 1.40, 2.31, 2.62
--- 2026-09-16T10:17:41Z ---
               total        used        free      shared  buff/cache   available
Mem:           15939        7708        2340           7        6241        8230
Swap:           8191         808        7383
 10:17:41 up 6 days, 17 min,  5 users,  load average: 1.83, 2.23, 2.57
--- 2026-09-16T10:18:41Z ---
               total        used        free      shared  buff/cache   available
Mem:           15939        9989         339           7        6242        5950
Swap:           8191         808        7383
 10:18:41 up 6 days, 18 min,  5 users,  load average: 3.02, 2.50, 2.64
--- 2026-09-16T10:19:41Z ---
               total        used        free      shared  buff/cache   available
Mem:           15939        9672         362           7        6255        6266
Swap:           8191         808        7383
 10:19:41 up 6 days, 19 min,  5 users,  load average: 3.88, 2.83, 2.75
--- 2026-09-16T10:20:41Z ---
               total        used        free      shared  buff/cache   available
Mem:           15939        5760        4440           7        6090       10179
Swap:           8191         808        7383
 10:20:41 up 6 days, 20 min,  5 users,  load average: 3.89, 3.06, 2.84
--- 2026-09-16T10:21:41Z ---
               total        used        free      shared  buff/cache   available
Mem:           15939        7786        2204           7        6300        8153
Swap:           8191         808        7383
 10:21:41 up 6 days, 21 min,  5 users,  load average: 2.56, 2.85, 2.78
--- 2026-09-16T10:22:41Z ---
               total        used        free      shared  buff/cache   available
Mem:           15939        9985         299           7        6286        5953
Swap:           8191         808        7383
 10:22:41 up 6 days, 22 min,  5 users,  load average: 3.03, 2.97, 2.82
--- 2026-09-16T10:23:41Z ---
               total        used        free      shared  buff/cache   available
Mem:           15939        9758         284           7        6255        6180
Swap:           8191         807        7384
 10:23:41 up 6 days, 23 min,  5 users,  load average: 3.77, 3.24, 2.93
--- 2026-09-16T10:24:41Z ---
               total        used        free      shared  buff/cache   available
Mem:           15939        7992        2455           7        5851        7946
Swap:           8191         794        7397
 10:24:41 up 6 days, 24 min,  5 users,  load average: 4.68, 3.63, 3.08
--- 2026-09-16T10:25:41Z ---
               total        used        free      shared  buff/cache   available
Mem:           15939        6260        3497           7        6533        9679
Swap:           8191         794        7397
 10:25:41 up 6 days, 25 min,  5 users,  load average: 3.92, 3.64, 3.12
--- 2026-09-16T10:26:41Z ---
               total        used        free      shared  buff/cache   available
Mem:           15939        5742        3794           7        6754       10196
Swap:           8191         774        7417
 10:26:41 up 6 days, 26 min,  5 users,  load average: 2.99, 3.37, 3.06
--- 2026-09-16T10:27:41Z ---
               total        used        free      shared  buff/cache   available
Mem:           15939        9817         208           7        6273        6122
Swap:           8191         835        7356
 10:27:42 up 6 days, 27 min,  5 users,  load average: 8.52, 4.85, 3.59
--- 2026-09-16T10:28:43Z ---
               total        used        free      shared  buff/cache   available
Mem:           15939       12939         189           7        3161        3000
Swap:           8191        1371        6820
 10:28:43 up 6 days, 28 min,  5 users,  load average: 9.31, 5.82, 4.00
--- 2026-09-16T10:29:43Z ---
               total        used        free      shared  buff/cache   available
Mem:           15939        9859        3635           7        2920        6080
Swap:           8191        1262        6929
 10:29:43 up 6 days, 29 min,  5 users,  load average: 17.44, 9.00, 5.22
--- 2026-09-16T10:30:43Z ---
               total        used        free      shared  buff/cache   available
Mem:           15939        5588        7613           7        3212       10350
Swap:           8191        1130        7061
 10:30:43 up 6 days, 30 min,  5 users,  load average: 9.91, 8.41, 5.26
--- 2026-09-16T10:31:43Z ---
               total        used        free      shared  buff/cache   available
Mem:           15939        5267        7535           7        3611       10671
Swap:           8191        1120        7071
 10:31:43 up 6 days, 31 min,  5 users,  load average: 5.54, 7.46, 5.13
--- 2026-09-16T10:32:43Z ---
               total        used        free      shared  buff/cache   available
Mem:           15939        5432        7318           7        3664       10507
Swap:           8191        1119        7072
 10:32:43 up 6 days, 32 min,  5 users,  load average: 3.50, 6.50, 4.94
--- 2026-09-16T10:33:43Z ---
               total        used        free      shared  buff/cache   available
Mem:           15939        5329        7153           7        3931       10609
Swap:           8191        1078        7113
 10:33:43 up 6 days, 33 min,  5 users,  load average: 4.25, 6.23, 4.95
--- 2026-09-16T10:34:43Z ---
               total        used        free      shared  buff/cache   available
Mem:           15939        5977        6030           7        4406        9962
Swap:           8191        1052        7139
 10:34:43 up 6 days, 34 min,  5 users,  load average: 6.15, 6.28, 5.04
--- 2026-09-16T10:35:43Z ---
               total        used        free      shared  buff/cache   available
Mem:           15939        6041        5895           7        4478        9898
Swap:           8191        1035        7156
 10:35:43 up 6 days, 35 min,  5 users,  load average: 6.74, 6.33, 5.13
--- 2026-09-16T10:36:43Z ---
               total        used        free      shared  buff/cache   available
Mem:           15939        6136        5842           7        4436        9803
Swap:           8191        1027        7164
 10:36:43 up 6 days, 36 min,  5 users,  load average: 5.82, 6.17, 5.15
--- 2026-09-16T10:37:43Z ---
               total        used        free      shared  buff/cache   available
Mem:           15939        5629        6359           7        4427       10310
Swap:           8191        1026        7165
 10:37:43 up 6 days, 37 min,  5 users,  load average: 2.37, 5.12, 4.85
--- 2026-09-16T10:38:43Z ---
               total        used        free      shared  buff/cache   available
Mem:           15939        5653        6306           7        4455       10286
Swap:           8191        1026        7165
 10:38:43 up 6 days, 38 min,  5 users,  load average: 1.22, 4.29, 4.58
--- 2026-09-16T10:39:43Z ---
               total        used        free      shared  buff/cache   available
Mem:           15939        5732        6088           7        4594       10207
Swap:           8191        1023        7168
 10:39:43 up 6 days, 39 min,  5 users,  load average: 1.12, 3.70, 4.36
--- 2026-09-16T10:40:43Z ---
               total        used        free      shared  buff/cache   available
Mem:           15939        5798        6197           7        4419       10141
Swap:           8191        1023        7168
 10:40:43 up 6 days, 40 min,  5 users,  load average: 2.06, 3.45, 4.23
--- 2026-09-16T10:41:43Z ---
               total        used        free      shared  buff/cache   available
Mem:           15939        6359        5344           7        4711        9580
Swap:           8191        1023        7168
 10:41:43 up 6 days, 41 min,  5 users,  load average: 1.69, 3.09, 4.05
--- 2026-09-16T10:42:43Z ---
               total        used        free      shared  buff/cache   available
Mem:           15939        6774        4852           7        4788        9164
Swap:           8191        1021        7170
 10:42:43 up 6 days, 42 min,  5 users,  load average: 1.43, 2.75, 3.88
--- 2026-09-16T10:43:43Z ---
               total        used        free      shared  buff/cache   available
Mem:           15939        5789        5800           7        4824       10149
Swap:           8191        1016        7175
 10:43:43 up 6 days, 43 min,  5 users,  load average: 0.86, 2.37, 3.67
--- 2026-09-16T10:44:43Z ---
               total        used        free      shared  buff/cache   available
Mem:           15939        6622        4954           7        4838        9317
Swap:           8191        1002        7189
 10:44:43 up 6 days, 44 min,  5 users,  load average: 0.80, 2.05, 3.48
--- 2026-09-16T10:45:43Z ---
               total        used        free      shared  buff/cache   available
Mem:           15939        5856        5709           7        4849       10083
Swap:           8191         999        7192
 10:45:43 up 6 days, 45 min,  5 users,  load average: 0.58, 1.76, 3.29
--- 2026-09-16T10:46:43Z ---
               total        used        free      shared  buff/cache   available
Mem:           15939        5818        5524           7        5073       10121
Swap:           8191         978        7213
 10:46:43 up 6 days, 46 min,  5 users,  load average: 1.84, 1.87, 3.23
--- 2026-09-16T10:47:43Z ---
               total        used        free      shared  buff/cache   available
Mem:           15939       11061         298           7        5211        4878
Swap:           8191         958        7233
 10:47:43 up 6 days, 47 min,  5 users,  load average: 5.27, 2.92, 3.51
--- 2026-09-16T10:48:43Z ---
               total        used        free      shared  buff/cache   available
Mem:           15939       10667         577           7        5046        5272
Swap:           8191         957        7234
 10:48:43 up 6 days, 48 min,  5 users,  load average: 5.27, 3.37, 3.63
--- 2026-09-16T10:49:43Z ---
               total        used        free      shared  buff/cache   available
Mem:           15939       10578         641           7        5071        5361
Swap:           8191         956        7235
 10:49:43 up 6 days, 49 min,  5 users,  load average: 4.18, 3.43, 3.63
--- 2026-09-16T10:50:43Z ---
               total        used        free      shared  buff/cache   available
Mem:           15939        8007        2615           7        5667        7931
Swap:           8191         956        7235
 10:50:43 up 6 days, 50 min,  5 users,  load average: 4.73, 3.73, 3.72
--- 2026-09-16T10:51:43Z ---
               total        used        free      shared  buff/cache   available
Mem:           15939        8194        1548           7        6547        7744
Swap:           8191         956        7235
 10:51:43 up 6 days, 51 min,  5 users,  load average: 4.62, 3.96, 3.81
--- 2026-09-16T10:52:43Z ---
               total        used        free      shared  buff/cache   available
Mem:           15939        8197        2445           7        5648        7742
Swap:           8191         956        7235
 10:52:44 up 6 days, 52 min,  5 users,  load average: 12.93, 6.24, 4.59
--- 2026-09-16T10:53:44Z ---
               total        used        free      shared  buff/cache   available
Mem:           15939        9596        1198           7        5496        6343
Swap:           8191         953        7238
 10:53:44 up 6 days, 53 min,  5 users,  load average: 8.96, 6.41, 4.76
--- 2026-09-16T10:54:44Z ---
               total        used        free      shared  buff/cache   available
Mem:           15939        9286        1397           7        5607        6653
Swap:           8191         952        7239
 10:54:44 up 6 days, 54 min,  5 users,  load average: 6.29, 6.08, 4.75
--- 2026-09-16T10:55:44Z ---
               total        used        free      shared  buff/cache   available
Mem:           15939        9511        1319           7        5460        6427
Swap:           8191         952        7239
 10:55:44 up 6 days, 55 min,  5 users,  load average: 6.73, 6.22, 4.88
--- 2026-09-16T10:56:44Z ---
               total        used        free      shared  buff/cache   available
Mem:           15939        7415        2725           7        6150        8524
Swap:           8191         951        7240
 10:56:44 up 6 days, 56 min,  5 users,  load average: 7.21, 6.39, 5.02
--- 2026-09-16T10:57:44Z ---
               total        used        free      shared  buff/cache   available
Mem:           15939        4981        4513           7        6796       10958
Swap:           8191         951        7240
 10:57:44 up 6 days, 57 min,  5 users,  load average: 6.84, 6.49, 5.14
--- 2026-09-16T10:58:44Z ---
               total        used        free      shared  buff/cache   available
Mem:           15939        5081        6598           7        4611       10858
Swap:           8191         951        7240
 10:58:44 up 6 days, 58 min,  5 users,  load average: 7.71, 6.91, 5.38
--- 2026-09-16T10:59:44Z ---
               total        used        free      shared  buff/cache   available
Mem:           15939        5142        6457           7        4691       10797
Swap:           8191         951        7240
 10:59:44 up 6 days, 59 min,  5 users,  load average: 4.92, 6.24, 5.24
--- 2026-09-16T11:00:44Z ---
               total        used        free      shared  buff/cache   available
Mem:           15939        5260        5544           7        5486       10679
Swap:           8191         950        7241
 11:00:44 up 6 days,  1:00,  5 users,  load average: 4.83, 5.92, 5.19
--- 2026-09-16T11:01:44Z ---
               total        used        free      shared  buff/cache   available
Mem:           15939        5262        4864           7        6163       10677
Swap:           8191         949        7242
 11:01:44 up 6 days,  1:01,  5 users,  load average: 4.54, 5.64, 5.14
--- 2026-09-16T11:02:44Z ---
               total        used        free      shared  buff/cache   available
Mem:           15939        5099        5066           7        6124       10839
Swap:           8191         949        7242
 11:02:44 up 6 days,  1:02,  5 users,  load average: 2.67, 4.93, 4.92
--- 2026-09-16T11:03:44Z ---
               total        used        free      shared  buff/cache   available
Mem:           15939        9340        1079           7        5871        6599
Swap:           8191         949        7242
 11:03:44 up 6 days,  1:03,  5 users,  load average: 7.95, 5.87, 5.24
--- 2026-09-16T11:04:44Z ---
               total        used        free      shared  buff/cache   available
Mem:           15939        7585        2571          19        6426        8354
Swap:           8191         948        7243
 11:04:44 up 6 days,  1:04,  5 users,  load average: 10.69, 6.97, 5.65
--- 2026-09-16T11:05:44Z ---
               total        used        free      shared  buff/cache   available
Mem:           15939        5479        3601          19        7502       10460
Swap:           8191         948        7243
 11:05:44 up 6 days,  1:05,  5 users,  load average: 8.03, 6.94, 5.73
--- 2026-09-16T11:06:44Z ---
               total        used        free      shared  buff/cache   available
Mem:           15939        5669        3527          19        7386       10269
Swap:           8191         947        7244
 11:06:44 up 6 days,  1:06,  5 users,  load average: 3.83, 5.95, 5.47
--- 2026-09-16T11:07:44Z ---
               total        used        free      shared  buff/cache   available
Mem:           15939        9138         261          22        6906        6801
Swap:           8191         947        7244
 11:07:44 up 6 days,  1:07,  5 users,  load average: 4.96, 5.89, 5.47
--- 2026-09-16T11:08:44Z ---
               total        used        free      shared  buff/cache   available
Mem:           15939        5135        4763          22        6406       10803
Swap:           8191         947        7244
 11:08:44 up 6 days,  1:08,  5 users,  load average: 2.71, 5.12, 5.23
--- 2026-09-16T11:09:44Z ---
               total        used        free      shared  buff/cache   available
Mem:           15939        5211        5146          22        5947       10728
Swap:           8191         947        7244
 11:09:44 up 6 days,  1:09,  5 users,  load average: 2.13, 4.46, 5.00
--- 2026-09-16T11:10:44Z ---
               total        used        free      shared  buff/cache   available
Mem:           15939        5576        4206          22        6522       10363
Swap:           8191         947        7244
 11:10:44 up 6 days,  1:10,  5 users,  load average: 3.20, 4.32, 4.91
--- 2026-09-16T11:11:44Z ---
               total        used        free      shared  buff/cache   available
Mem:           15939        5037        5645          22        5622       10902
Swap:           8191         947        7244
 11:11:44 up 6 days,  1:11,  5 users,  load average: 3.44, 4.18, 4.83
--- 2026-09-16T11:12:44Z ---
               total        used        free      shared  buff/cache   available
Mem:           15939        4930        5748          22        5626       11009
Swap:           8191         947        7244
 11:12:44 up 6 days,  1:12,  5 users,  load average: 2.11, 3.66, 4.61
--- 2026-09-16T11:13:44Z ---
               total        used        free      shared  buff/cache   available
Mem:           15939        4936        5741          22        5627       11003
Swap:           8191         946        7245
 11:13:44 up 6 days,  1:13,  5 users,  load average: 0.95, 3.06, 4.34
--- 2026-09-16T11:14:44Z ---
               total        used        free      shared  buff/cache   available
Mem:           15939        4864        7770           7        3656       11074
Swap:           8191         946        7245
 11:14:44 up 6 days,  1:14,  5 users,  load average: 1.05, 2.70, 4.13
--- 2026-09-16T11:15:44Z ---
               total        used        free      shared  buff/cache   available
Mem:           15939        4844        7790           7        3655       11095
Swap:           8191         946        7245
 11:15:44 up 6 days,  1:15,  5 users,  load average: 1.07, 2.41, 3.94
--- 2026-09-16T11:16:44Z ---
               total        used        free      shared  buff/cache   available
Mem:           15939        4944        7292           7        4054       10995
Swap:           8191         946        7245
 11:16:44 up 6 days,  1:16,  5 users,  load average: 1.75, 2.34, 3.82
--- 2026-09-16T11:17:44Z ---
               total        used        free      shared  buff/cache   available
Mem:           15939        5014        6413           7        4863       10924
Swap:           8191         946        7245
 11:17:44 up 6 days,  1:17,  5 users,  load average: 2.48, 2.49, 3.78
--- 2026-09-16T11:18:44Z ---
               total        used        free      shared  buff/cache   available
Mem:           15939        4846        6824           7        4620       11093
Swap:           8191         946        7245
 11:18:44 up 6 days,  1:18,  5 users,  load average: 1.15, 2.13, 3.57
--- 2026-09-16T11:19:44Z ---
               total        used        free      shared  buff/cache   available
Mem:           15939        4914        6725           7        4650       11024
Swap:           8191         946        7245
 11:19:44 up 6 days,  1:19,  5 users,  load average: 0.56, 1.77, 3.36
--- 2026-09-16T11:20:44Z ---
               total        used        free      shared  buff/cache   available
Mem:           15939        5032        5115           7        6142       10906
Swap:           8191         945        7246
 11:20:44 up 6 days,  1:20,  5 users,  load average: 1.55, 1.81, 3.27
--- 2026-09-16T11:21:44Z ---
               total        used        free      shared  buff/cache   available
Mem:           15939        4888        3980           7        7422       11051
Swap:           8191         944        7247
 11:21:44 up 6 days,  1:21,  5 users,  load average: 1.45, 1.75, 3.15
--- 2026-09-16T11:22:44Z ---
               total        used        free      shared  buff/cache   available
Mem:           15939        5480        2935           7        7875       10459
Swap:           8191         944        7247
 11:22:44 up 6 days,  1:22,  5 users,  load average: 1.10, 1.60, 3.02
--- 2026-09-16T11:23:44Z ---
               total        used        free      shared  buff/cache   available
Mem:           15939        6450         325           7        9794        9488
Swap:           8191         944        7247
 11:23:44 up 6 days,  1:23,  5 users,  load average: 2.17, 1.85, 3.01
--- 2026-09-16T11:24:44Z ---
               total        used        free      shared  buff/cache   available
Mem:           15939        5912        3167           7        7210       10027
Swap:           8191        1041        7150
 11:24:44 up 6 days,  1:24,  5 users,  load average: 1.46, 1.68, 2.88
--- 2026-09-16T11:25:44Z ---
               total        used        free      shared  buff/cache   available
Mem:           15939        9689         382           7        6218        6249
Swap:           8191        1035        7156
 11:25:44 up 6 days,  1:25,  5 users,  load average: 2.74, 1.98, 2.90
--- 2026-09-16T11:26:44Z ---
               total        used        free      shared  buff/cache   available
Mem:           15939        6489        3542           7        6258        9449
Swap:           8191        1035        7156
 11:26:44 up 6 days,  1:26,  5 users,  load average: 2.82, 2.15, 2.90
--- 2026-09-16T11:27:44Z ---
               total        used        free      shared  buff/cache   available
Mem:           15939        6434        3416           7        6440        9505
Swap:           8191        1032        7159
 11:27:44 up 6 days,  1:27,  5 users,  load average: 1.55, 1.91, 2.77
--- 2026-09-16T11:28:44Z ---
               total        used        free      shared  buff/cache   available
Mem:           15939        6440        2425           7        7425        9499
Swap:           8191        1032        7159
 11:28:44 up 6 days,  1:28,  5 users,  load average: 1.08, 1.67, 2.63
--- 2026-09-16T11:29:44Z ---
               total        used        free      shared  buff/cache   available
Mem:           15939        6270        2482           7        7537        9669
Swap:           8191        1031        7160
 11:29:44 up 6 days,  1:29,  5 users,  load average: 0.53, 1.40, 2.48
--- 2026-09-16T11:30:44Z ---
               total        used        free      shared  buff/cache   available
Mem:           15939        4931        7901           7        3457       11008
Swap:           8191        1031        7160
 11:30:44 up 6 days,  1:30,  5 users,  load average: 1.12, 1.40, 2.41
--- 2026-09-16T11:31:44Z ---
               total        used        free      shared  buff/cache   available
Mem:           15939        4808        7681           7        3800       11130
Swap:           8191        1031        7160
 11:31:44 up 6 days,  1:31,  5 users,  load average: 1.43, 1.44, 2.35
--- 2026-09-16T11:32:45Z ---
               total        used        free      shared  buff/cache   available
Mem:           15939        4776        7700           7        3814       11162
Swap:           8191        1031        7160
 11:32:45 up 6 days,  1:32,  5 users,  load average: 1.02, 1.35, 2.27
--- 2026-09-16T11:33:45Z ---
               total        used        free      shared  buff/cache   available
Mem:           15939        4863        7523           7        3903       11076
Swap:           8191        1031        7160
 11:33:45 up 6 days,  1:33,  5 users,  load average: 0.93, 1.25, 2.17
--- 2026-09-16T11:34:45Z ---
               total        used        free      shared  buff/cache   available
Mem:           15939        5092        7294           7        3904       10847
Swap:           8191        1030        7161
 11:34:45 up 6 days,  1:34,  5 users,  load average: 0.82, 1.17, 2.09
--- 2026-09-16T11:35:45Z ---
               total        used        free      shared  buff/cache   available
Mem:           15939        4845        7529           7        3915       11093
Swap:           8191        1030        7161
 11:35:45 up 6 days,  1:35,  5 users,  load average: 1.74, 1.42, 2.12
--- 2026-09-16T11:36:45Z ---
               total        used        free      shared  buff/cache   available
Mem:           15939        5135        7241           7        3914       10804
Swap:           8191        1030        7161
 11:36:45 up 6 days,  1:36,  5 users,  load average: 1.27, 1.34, 2.05
--- 2026-09-16T11:37:45Z ---
               total        used        free      shared  buff/cache   available
Mem:           15939        4821        8124           7        3345       11118
Swap:           8191        1030        7161
 11:37:45 up 6 days,  1:37,  5 users,  load average: 1.28, 1.34, 2.00
--- 2026-09-16T11:38:45Z ---
               total        used        free      shared  buff/cache   available
Mem:           15939        4787        8025           7        3477       11152
Swap:           8191         977        7214
 11:38:45 up 6 days,  1:38,  5 users,  load average: 1.55, 1.39, 1.97
--- 2026-09-16T11:39:45Z ---
               total        used        free      shared  buff/cache   available
Mem:           15939        4718        7223           7        4348       11221
Swap:           8191         976        7215
 11:39:45 up 6 days,  1:39,  5 users,  load average: 1.77, 1.48, 1.97
--- 2026-09-16T11:40:45Z ---
               total        used        free      shared  buff/cache   available
Mem:           15939        4747        7426           7        4116       11192
Swap:           8191         976        7215
 11:40:45 up 6 days,  1:40,  5 users,  load average: 0.80, 1.27, 1.87
--- 2026-09-16T11:41:45Z ---
               total        used        free      shared  buff/cache   available
Mem:           15939        4674        7486           7        4129       11264
Swap:           8191         976        7215
 11:41:45 up 6 days,  1:41,  5 users,  load average: 0.51, 1.11, 1.77
--- 2026-09-16T11:42:45Z ---
               total        used        free      shared  buff/cache   available
Mem:           15939        4670        7484           7        4135       11268
Swap:           8191         976        7215
 11:42:45 up 6 days,  1:42,  5 users,  load average: 0.23, 0.92, 1.66
--- 2026-09-16T11:43:45Z ---
               total        used        free      shared  buff/cache   available
Mem:           15939        4703        7336           7        4251       11236
Swap:           8191         976        7215
 11:43:45 up 6 days,  1:43,  5 users,  load average: 0.12, 0.76, 1.56
--- 2026-09-16T11:44:45Z ---
               total        used        free      shared  buff/cache   available
Mem:           15939        4882        7047           7        4360       11056
Swap:           8191         963        7228
 11:44:45 up 6 days,  1:44,  5 users,  load average: 0.44, 0.74, 1.51
--- 2026-09-16T11:45:45Z ---
               total        used        free      shared  buff/cache   available
Mem:           15939        5826        4870           7        5594       10113
Swap:           8191         952        7239
 11:45:46 up 6 days,  1:45,  5 users,  load average: 6.45, 2.33, 2.00
--- 2026-09-16T11:46:46Z ---
               total        used        free      shared  buff/cache   available
Mem:           15939        5015        5015           7        6260       10924
Swap:           8191         950        7241
 11:46:46 up 6 days,  1:46,  5 users,  load average: 5.76, 3.08, 2.29
--- 2026-09-16T11:47:46Z ---
               total        used        free      shared  buff/cache   available
Mem:           15939        5166        4866           7        6258       10773
Swap:           8191         950        7241
 11:47:46 up 6 days,  1:47,  5 users,  load average: 2.83, 2.73, 2.22
--- 2026-09-16T11:48:46Z ---
               total        used        free      shared  buff/cache   available
Mem:           15939        5215        5990           7        5084       10723
Swap:           8191         950        7241
 11:48:46 up 6 days,  1:48,  5 users,  load average: 2.11, 2.52, 2.18
--- 2026-09-16T11:49:46Z ---
               total        used        free      shared  buff/cache   available
Mem:           15939        5185        5462           7        5643       10754
Swap:           8191         950        7241
 11:49:46 up 6 days,  1:49,  5 users,  load average: 2.30, 2.48, 2.18
--- 2026-09-16T11:50:46Z ---
               total        used        free      shared  buff/cache   available
Mem:           15939        5067        5552           7        5671       10871
Swap:           8191         948        7243
 11:50:46 up 6 days,  1:50,  5 users,  load average: 1.36, 2.19, 2.10
--- 2026-09-16T11:51:46Z ---
               total        used        free      shared  buff/cache   available
Mem:           15939        4965        5600           7        5724       10973
Swap:           8191         948        7243
 11:51:46 up 6 days,  1:51,  5 users,  load average: 1.03, 1.95, 2.03
--- 2026-09-16T11:52:46Z ---
               total        used        free      shared  buff/cache   available
Mem:           15939        5116        5813           7        5361       10823
Swap:           8191         948        7243
 11:52:46 up 6 days,  1:52,  5 users,  load average: 1.19, 1.85, 1.98
--- 2026-09-16T11:53:46Z ---
               total        used        free      shared  buff/cache   available
Mem:           15939        5066        6415           7        4809       10873
Swap:           8191         948        7243
 11:53:46 up 6 days,  1:53,  5 users,  load average: 1.33, 1.76, 1.94
--- 2026-09-16T11:54:46Z ---
               total        used        free      shared  buff/cache   available
Mem:           15939        5107        5803           7        5380       10831
Swap:           8191         948        7243
 11:54:46 up 6 days,  1:54,  5 users,  load average: 1.35, 1.69, 1.91
--- 2026-09-16T11:55:46Z ---
               total        used        free      shared  buff/cache   available
Mem:           15939        5099        5811           7        5380       10840
Swap:           8191         948        7243
 11:55:46 up 6 days,  1:55,  5 users,  load average: 0.81, 1.47, 1.82
--- 2026-09-16T11:56:46Z ---
               total        used        free      shared  buff/cache   available
Mem:           15939        5079        5841           7        5370       10860
Swap:           8191         948        7243
 11:56:46 up 6 days,  1:56,  5 users,  load average: 0.33, 1.22, 1.71
--- 2026-09-16T11:57:46Z ---
               total        used        free      shared  buff/cache   available
Mem:           15939        5072        5839           7        5379       10867
Swap:           8191         948        7243
 11:57:46 up 6 days,  1:57,  5 users,  load average: 0.23, 1.04, 1.61
--- 2026-09-16T11:58:46Z ---
               total        used        free      shared  buff/cache   available
Mem:           15939        5020        6415           7        4855       10919
Swap:           8191         948        7243
 11:58:46 up 6 days,  1:58,  5 users,  load average: 0.99, 1.09, 1.60
--- 2026-09-16T11:59:46Z ---
               total        used        free      shared  buff/cache   available
Mem:           15939        5087        5814           7        5389       10852
Swap:           8191         948        7243
 11:59:46 up 6 days,  1:59,  5 users,  load average: 1.89, 1.37, 1.66
--- 2026-09-16T12:00:46Z ---
               total        used        free      shared  buff/cache   available
Mem:           15939        5092        5805           7        5393       10847
Swap:           8191         947        7244
 12:00:46 up 6 days,  2:00,  5 users,  load average: 0.93, 1.21, 1.59
--- 2026-09-16T12:01:46Z ---
               total        used        free      shared  buff/cache   available
Mem:           15939        5028        5690           7        5571       10911
Swap:           8191         947        7244
 12:01:46 up 6 days,  2:01,  5 users,  load average: 0.82, 1.12, 1.53
--- 2026-09-16T12:02:46Z ---
               total        used        free      shared  buff/cache   available
Mem:           15939        5091        5722           7        5476       10848
Swap:           8191         947        7244
 12:02:46 up 6 days,  2:02,  5 users,  load average: 1.01, 1.15, 1.52
--- 2026-09-16T12:03:46Z ---
               total        used        free      shared  buff/cache   available
Mem:           15939        5049        5762           7        5478       10889
Swap:           8191         947        7244
 12:03:46 up 6 days,  2:03,  5 users,  load average: 0.73, 1.06, 1.46
--- 2026-09-16T12:04:46Z ---
               total        used        free      shared  buff/cache   available
Mem:           15939        5068        5707           7        5514       10870
Swap:           8191         946        7245
 12:04:46 up 6 days,  2:04,  5 users,  load average: 0.33, 0.89, 1.38
--- 2026-09-16T12:05:46Z ---
               total        used        free      shared  buff/cache   available
Mem:           15939        5076        5647           7        5566       10862
Swap:           8191         946        7245
 12:05:46 up 6 days,  2:05,  5 users,  load average: 0.53, 0.85, 1.33
--- 2026-09-16T12:06:46Z ---
               total        used        free      shared  buff/cache   available
Mem:           15939        5186        5688           7        5416       10753
Swap:           8191         946        7245
 12:06:46 up 6 days,  2:06,  5 users,  load average: 0.83, 0.88, 1.31
--- 2026-09-16T12:07:46Z ---
               total        used        free      shared  buff/cache   available
Mem:           15939        5281        5353           7        5656       10658
Swap:           8191         946        7245
 12:07:46 up 6 days,  2:07,  5 users,  load average: 1.09, 0.99, 1.33
--- 2026-09-16T12:08:46Z ---
               total        used        free      shared  buff/cache   available
Mem:           15939        5140        5699           7        5452       10799
Swap:           8191         946        7245
 12:08:47 up 6 days,  2:08,  5 users,  load average: 1.95, 1.31, 1.42
--- 2026-09-16T12:09:47Z ---
               total        used        free      shared  buff/cache   available
Mem:           15939        5159        5675           7        5455       10779
Swap:           8191         946        7245
 12:09:47 up 6 days,  2:09,  5 users,  load average: 1.26, 1.20, 1.37
--- 2026-09-16T12:10:47Z ---
               total        used        free      shared  buff/cache   available
Mem:           15939        5219        5844           7        5227       10719
Swap:           8191         946        7245
 12:10:47 up 6 days,  2:10,  5 users,  load average: 1.70, 1.36, 1.41
--- 2026-09-16T12:11:47Z ---
               total        used        free      shared  buff/cache   available
Mem:           15939        5164        5630           7        5496       10774
Swap:           8191         946        7245
 12:11:47 up 6 days,  2:11,  5 users,  load average: 1.54, 1.40, 1.43
--- 2026-09-16T12:12:47Z ---
               total        used        free      shared  buff/cache   available
Mem:           15939        5110        5683           7        5497       10828
Swap:           8191         946        7245
 12:12:47 up 6 days,  2:12,  5 users,  load average: 0.94, 1.24, 1.37
--- 2026-09-16T12:13:47Z ---
               total        used        free      shared  buff/cache   available
Mem:           15939        5925        4673           7        5692       10013
Swap:           8191         946        7245
 12:13:47 up 6 days,  2:13,  5 users,  load average: 0.87, 1.18, 1.34
--- 2026-09-16T12:14:47Z ---
               total        used        free      shared  buff/cache   available
Mem:           15939        9834         746           7        5710        6105
Swap:           8191         946        7245
 12:14:47 up 6 days,  2:14,  5 users,  load average: 3.18, 1.70, 1.50
--- 2026-09-16T12:15:47Z ---
               total        used        free      shared  buff/cache   available
Mem:           15939        9885         958           7        5447        6053
Swap:           8191         946        7245
 12:15:47 up 6 days,  2:15,  5 users,  load average: 5.09, 2.49, 1.79
--- 2026-09-16T12:16:47Z ---
               total        used        free      shared  buff/cache   available
Mem:           15939        9807        1219           7        5264        6132
Swap:           8191         946        7245
 12:16:47 up 6 days,  2:16,  5 users,  load average: 6.30, 3.23, 2.08
--- 2026-09-16T12:17:47Z ---
               total        used        free      shared  buff/cache   available
Mem:           15939        7834        2344           7        6112        8104
Swap:           8191         946        7245
 12:17:47 up 6 days,  2:17,  5 users,  load average: 6.58, 3.89, 2.39
--- 2026-09-16T12:18:47Z ---
               total        used        free      shared  buff/cache   available
Mem:           15939        7672        2378           7        6240        8267
Swap:           8191         944        7247
 12:18:47 up 6 days,  2:18,  5 users,  load average: 7.59, 4.68, 2.75
--- 2026-09-16T12:19:47Z ---
               total        used        free      shared  buff/cache   available
Mem:           15939        5666        4770           7        5854       10273
Swap:           8191         942        7249
 12:19:47 up 6 days,  2:19,  5 users,  load average: 9.37, 5.74, 3.24
