task=reflex-dev-reflex-8657976 pass=0 valid=1 timeout=0 turns=27
task=dstl-stone-soup-4b6bd37 pass=0 valid=1 timeout=0 turns=20
task=prometheus-bd5b2ea pass=0 valid=1 timeout=0 turns=26
task=deps-volt-react-dashboard-3a3f3 pass=0 valid=1 timeout=0 turns=27
task=qubvel-segmentation_models-pytorch-ccccadd pass=0 valid=1 timeout=0 turns=21
task=servo-e199a67 pass=0 valid=1 timeout=0 turns=26
task=cassandra-73cd2c5 pass=0 valid=0 timeout=0 turns=0
task=bgsetup-autossh-logging pass=0 valid=1 timeout=0 turns=18
task=falconry-falcon-cae50da pass=0 valid=1 timeout=0 turns=21
task=deps-react-virtualized-sticky-tree-32be9 pass=1 valid=1 timeout=0 turns=19
task=deps-engine-34e61 pass=0 valid=1 timeout=0 turns=27
task=networkx-networkx-c107d25 pass=0 valid=1 timeout=0 turns=13
task=deps-gatsby-plugin-intl-2b7ac pass=0 valid=1 timeout=0 turns=26
task=dbsetup-mysql-3 pass=0 valid=1 timeout=0 turns=19
task=laramies-theharvester-e25c269 pass=0 valid=1 timeout=0 turns=25
task=deps-amazon-cognito-saml-idp-c076c pass=0 valid=1 timeout=0 turns=20
task=nedbat-coveragepy-9d0eb02 pass=0 valid=1 timeout=0 turns=23
task=deps-react-most-wanted-cbc29 pass=0 valid=0 timeout=0 turns=0
task=hackmdio-codimd-f00df50 pass=0 valid=0 timeout=0 turns=21
task=whisper-brokendeps-517a43e pass=0 valid=1 timeout=0 turns=13
task=psf-black-c204232 pass=1 valid=1 timeout=0 turns=26
task=spring-petclinic-2aa53f9 pass=0 valid=1 timeout=0 turns=15
task=fsspec-filesystem_spec-3ff5fca pass=0 valid=1 timeout=0 turns=17
task=deps-rails-6cd76 pass=0 valid=1 timeout=0 turns=26
task=deps-react-most-wanted-2e3f0 pass=0 valid=1 timeout=0 turns=33
invalid task=cassandra-73cd2c5 error=TimeoutExpired:Command '['docker', 'exec', 'setupbench-ada-candidate-d278f15725', 'test', '-f', '/testbed/.ada-exit']' timed out after 10 seconds
invalid task=deps-react-most-wanted-cbc29 error=TimeoutExpired:Command '['docker', 'exec', 'setupbench-ada-candidate-0fc93ff265', 'test', '-f', '/testbed/.ada-exit']' timed out after 10 seconds
invalid task=hackmdio-codimd-f00df50 error=TimeoutExpired:Command '['docker', 'exec', '-w', '/testbed', 'setupbench-ada-candidate-c8a8489bc3', 'bash', '-lc', 'node app.js && echo "Setup successful" || echo "Setup failed"']' timed out after 600 seconds
summary pass=2/25 timeouts=0 turns=509
